# serializer version: 1
# name: test_gfx1201_emit_digests
  list([
    dict({
      'file': 'B8B8S.yaml',
      'kernels': list([
        dict({
          'basename': 'Cijk_Alik_Bljk_B8B8S_BH_Bias_HA_S_SAV_UserArgs_MKeRYubFcbGooZm2H5MB-WVRs9VeMHepknhDxufI4v9M=',
          'err': 0,
        }),
      ]),
    }),
    dict({
      'file': 'BBS.yaml',
      'kernels': list([
        dict({
          'basename': 'Cijk_Alik_Bljk_BBS_BH_Bias_SH_HA_S_SAV_UserArgs_YYKfYb_4KJDIb5JIBUdw1xesjVBkYznujageSmXhqOk=',
          'err': 0,
        }),
      ]),
    }),
    dict({
      'file': 'HHS.yaml',
      'kernels': list([
        dict({
          'basename': 'Cijk_Alik_Bljk_HHS_BH_Bias_HA_S_SAV_UserArgs_MT1GtPo_SS4PDtypx5LVtQzDUCEhKRugL1t690FCxusJGU=',
          'err': 0,
        }),
      ]),
    }),
    dict({
      'file': 'HSS.yaml',
      'kernels': list([
        dict({
          'basename': 'Cijk_Alik_Bljk_HSS_BH_Bias_HA_S_SAV_UserArgs_MT1GtPo_SS4PDtypx5LVtQzDUCEhKRugL1t690FCxusJGU=',
          'err': 0,
        }),
      ]),
    }),
  ])
# ---
