# serializer version: 1
# name: test_r2_subtile_gfx950_golden
  list([
    dict({
      'basename': 'Cijk_Alik_Bljk_BBS_BH_UserArgs_MT128x128x64_MI169MXeamtfBwC4ohsfCvl62dL1x1asQ5dKtQwBE6Dz5ew=',
      'err': 0,
    }),
    dict({
      'basename': 'Cijk_Alik_Bljk_BBS_BH_UserArgs_MT128x128x64_MI16IpttixWtVEuByug4-dvcU-fBuI5wgNwlGSzIYyXnmtY=',
      'err': 0,
    }),
    dict({
      'basename': 'Cijk_Alik_Bljk_BBS_BH_UserArgs_MT128x64x64_MI16xhgDKxeoiqBeb3JuxiTHhJ72datngGUTjXPV-7dKEt7E=',
      'err': 0,
    }),
    dict({
      'basename': 'Cijk_Alik_Bljk_BBS_BH_UserArgs_MT128x64x64_MI16xwOoGsnHhui0fawTCYd6z7_M8N34Xx5xwPkXPHLDUOIc=',
      'err': 0,
    }),
    dict({
      'basename': 'Cijk_Alik_Bljk_BBS_BH_UserArgs_MT32x32x64_MI16x1NCsOKkDfIimkQNHDMORdQv0IT_ID4io1ZDlE2TtbtME=',
      'err': 0,
    }),
    dict({
      'basename': 'Cijk_Alik_Bljk_BBS_BH_UserArgs_MT32x32x64_MI16x1YEeewZKze21xOc5uMcMhGewW8MvNhmhpxiGmWq_1hgU=',
      'err': 0,
    }),
    dict({
      'basename': 'Cijk_Alik_Bljk_BBS_BH_UserArgs_MT64x128x64_MI16x48IyTSpYsGTk9qNLBZONMYTXpyQ2zkMqTE9BvPspirI=',
      'err': 0,
    }),
    dict({
      'basename': 'Cijk_Alik_Bljk_BBS_BH_UserArgs_MT64x128x64_MI16xcNAkyAMTIaX-0FAASWGFaWumbRWM3ZcSbPvWLIshwsY=',
      'err': 0,
    }),
  ])
# ---
