# serializer version: 1
# name: test_gfx942_f8n_golden
  list([
    dict({
      'basename': 'Cijk_Ailk_Bljk_F8NHS_BH_Bias_S_HA_S_SAB_SCD_SAV_48k4WUKv_FBGaixrSvMZYhxXLsX1wSWWxi6P1ieleTw=',
      'err': 0,
    }),
    dict({
      'basename': 'Cijk_Ailk_Bljk_F8NHS_BH_Bias_S_HA_S_SAB_SCD_SAV_DkPLRQ_BVfIS5Cl7-p6OcIY_kApeBMDSs__4dELeOi8=',
      'err': 0,
    }),
    dict({
      'basename': 'Cijk_Ailk_Bljk_F8NHS_BH_Bias_S_HA_S_SAB_SCD_SAV_JZ0tD19lBEKQVm6vH4B8i-6wMoVtuA9pK0dGWO4itOo=',
      'err': 0,
    }),
    dict({
      'basename': 'Cijk_Ailk_Bljk_F8NHS_BH_Bias_S_HA_S_SAB_SCD_SAV_O4h5yomQKp7P2ZBcLpbEFhNxBtFfQ780fkdUaTQFJOA=',
      'err': 0,
    }),
    dict({
      'basename': 'Cijk_Ailk_Bljk_F8NHS_BH_Bias_S_HA_S_SAB_SCD_SAV_WoAQi8keCqX9sLirJOdRX4UVlk6ZcYSKA-S2LpyTMpo=',
      'err': 0,
    }),
    dict({
      'basename': 'Cijk_Ailk_Bljk_F8NHS_BH_Bias_S_HA_S_SAB_SCD_SAV_X9nLNU6xWDzrsupLgLCAE_aYDgr0d_BFKHDG7dD0SUc=',
      'err': 0,
    }),
    dict({
      'basename': 'Cijk_Ailk_Bljk_F8NHS_BH_Bias_S_HA_S_SAB_SCD_SAV_czWaJTlrmLa5qiloJX1Q6Gqp8sBqkYTy-YO8UWfaYgs=',
      'err': 0,
    }),
    dict({
      'basename': 'Cijk_Ailk_Bljk_F8NHS_BH_Bias_S_HA_S_SAB_SCD_SAV_d7ggSZ89qOK_JNH0qyS7nTviP9ye94T-2JrcHkQQ5fg=',
      'err': 0,
    }),
  ])
# ---
