# serializer version: 1
# name: test_r3_addrstore_gfx942_golden
  list([
    dict({
      'basename': 'Cijk_Alik_Bljk_F8NSS_BH_SABV_SAV_UserArgs_MT128xM3qbmEaS38x-5US5Kw6Qo_dz4XZNly0UWEX8BVijcvg=',
      'err': 0,
    }),
    dict({
      'basename': 'Cijk_Alik_Bljk_F8NSS_BH_SABV_SAV_UserArgs_MT256xOY4Xv8APkdZqaEBv46WgDFMvPbiNH9jDQL_tadHqQTk=',
      'err': 0,
    }),
  ])
# ---
