# serializer version: 1
# name: test_r3_kwfeat_gfx942_golden
  list([
    dict({
      'basename': 'Cijk_Alik_Bljk_BBS_BH_UserArgs_MT64x16x32_MI16x1063EK2zh9efBNFkxJxH6ysE8qx50NaU0-1hcErXiruc=',
      'err': 0,
    }),
    dict({
      'basename': 'Cijk_Alik_Bljk_BBS_BH_UserArgs_MT64x16x32_MI16x1cGUzPD8OwMlWlBh-f0GjkyZvSfJJyPO6_Exb72rBGD4=',
      'err': 0,
    }),
  ])
# ---
