# serializer version: 1
# name: test_gfx1100_emit_digests
  list([
    dict({
      'file': 'DB.yaml',
      'kernels': list([
        dict({
          'basename': 'Cijk_Ailk_Bjlk_D_B_UserArgs_MT16x16x16_SN_LDSB0_yHYJwOaE0Aojqq2PoOL-wR9U_CBbs7ZZDizjEkq9poo=',
          'err': 0,
        }),
        dict({
          'basename': 'Cijk_Ailk_Bjlk_D_B_UserArgs_MT16x16x8_SN_LDSB0_AaI82np3MytJZq9n7Sa4YH7oRwUFABQrqDTBMnUyATsU=',
          'err': 0,
        }),
        dict({
          'basename': 'Cijk_Ailk_Bjlk_D_B_UserArgs_MT8x8x16_SN_LDSB0_AFd-05spCsxFEC6I0yG_RD2h_Rw51Idj4e3E0Opo9hlpk=',
          'err': 0,
        }),
        dict({
          'basename': 'Cijk_Ailk_Bjlk_D_B_UserArgs_MT8x8x8_SN_LDSB0_AFCElGKZYR4aWNizQ9Ur0I2De3LUT_Jd4y0_8L2q7kJAAM=',
          'err': 0,
        }),
      ]),
    }),
    dict({
      'file': 'HSS.yaml',
      'kernels': list([
        dict({
          'basename': 'Cijk_Alik_Bljk_HSS_BH_Bias_HA_S_SAV_UserArgs_MT3mfVeXtCadLnihuaphyAuUI9SuBJ8jU6UysRicLAdiGw=',
          'err': 0,
        }),
        dict({
          'basename': 'Cijk_Alik_Bljk_HSS_BH_Bias_HA_S_SAV_UserArgs_MT91PiNblJ2_SBCkpDbwj6mKzv6DWtU-gG3if8MlQ8m_k0=',
          'err': 0,
        }),
        dict({
          'basename': 'Cijk_Alik_Bljk_HSS_BH_Bias_HA_S_SAV_UserArgs_MT9oobCHUS98hU595tSMcB-Ddf28M36rflooODo2gufjyE=',
          'err': 0,
        }),
      ]),
    }),
    dict({
      'file': 'SB.yaml',
      'kernels': list([
        dict({
          'basename': 'Cijk_Ailk_Bjlk_S_B_Bias_HA_S_SAV_UserArgs_MT16x1g2r66DpXd9FRS0Db7SGDE8JV76ckxyi8JcbTVImVuHg=',
          'err': 0,
        }),
        dict({
          'basename': 'Cijk_Ailk_Bjlk_S_B_Bias_HA_S_SAV_UserArgs_MT16x1s8HcVCYvvNkZJTlYTzZeXn-jl1m3glL6-3f_CohWLMg=',
          'err': 0,
        }),
        dict({
          'basename': 'Cijk_Ailk_Bjlk_S_B_Bias_HA_S_SAV_UserArgs_MT8x8x3IY14GJ8Qq2Vua7GdycAjXpWqIRWpCmpKOvJ-frUeh0=',
          'err': 0,
        }),
        dict({
          'basename': 'Cijk_Ailk_Bjlk_S_B_Bias_HA_S_SAV_UserArgs_MT8x8xRiwZR70zemfw8052JwZRQsjErNLriSdMraHZzohAi94=',
          'err': 0,
        }),
      ]),
    }),
  ])
# ---
