# serializer version: 1
# name: test_fused_a2a_gfx950_golden
  list([
    dict({
      'basename': 'Cijk_Alik_Bljk_BBS_BH_FusedA2A_UserArgs_MT256x25FlBUucqruUY00O1ShU7JOLHq-Pk_ySzNUQ_DcT_54hk=',
      'err': 0,
    }),
    dict({
      'basename': 'Cijk_Alik_Bljk_BBS_BH_FusedA2A_UserArgs_MT256x25fNoTsVystO5oB8pWb0oDCNggJaXSCv7F5Q0kfGQHrac=',
      'err': 0,
    }),
  ])
# ---
