# serializer version: 1
# name: test_gfx908_emit_digests
  list([
    dict({
      'file': 'BBS.yaml',
      'kernels': list([
        dict({
          'basename': 'Cijk_Ailk_Bljk_BBS_BH_Bias_HA_S_SAV_MT64x16x32_MRu37hXeQeuP49rHC6mtSBk6N7pYXGYQg4oGt6BYWQcg=',
          'err': 0,
        }),
      ]),
    }),
    dict({
      'file': 'HHS.yaml',
      'kernels': list([
        dict({
          'basename': 'Cijk_Ailk_Bljk_HHS_BH_Bias_HA_S_SAV_UserArgs_MT6rTi7VZdJMJ5M0WL5lWtdfxjXCg7XAUYlHQt5ErPFmaY=',
          'err': 0,
        }),
      ]),
    }),
    dict({
      'file': 'HSS.yaml',
      'kernels': list([
        dict({
          'basename': 'Cijk_Ailk_Bjlk_HSS_BH_Bias_GG_HA_S_SAV_UserArgs_2szWdlNvyg3P88fx70it9b_GhhePOeNRI4R6doCRAaU=',
          'err': 0,
        }),
      ]),
    }),
    dict({
      'file': 'SB.yaml',
      'kernels': list([
        dict({
          'basename': 'Cijk_Alik_Bjlk_S_B_Bias_HA_S_SAV_UserArgs_MT32x3j-1SU21XfSa6tU9hYSSBOG6bi4m7hP8WlS44E1gQLtw=',
          'err': 0,
        }),
      ]),
    }),
  ])
# ---
