# serializer version: 1
# name: test_r2_lra_gfx942_golden
  list([
    dict({
      'basename': 'Cijk_Alik_Bjlk_HHS_BH_UserArgs_MT16x8x64_SN_LDSBQoCtxzDmL8rTrtckAWHGjFqLv7H25a2uLoOwS90BAyA=',
      'err': 0,
    }),
    dict({
      'basename': 'Cijk_Alik_Bjlk_HHS_BH_UserArgs_MT64x4x64_SN_LDSBpBvq3AELCK1bIiKUjtLtnP8MmRWcYhkM_SZ_nEYL88Q=',
      'err': 0,
    }),
  ])
# ---
