# serializer version: 1
# name: test_gfx950_dtl_golden
  list([
    dict({
      'basename': 'Cijk_Alik_Bljk_S_B_UserArgs_MT16x16x32_MI16x16x13xsNr-wvFRjj3JEltk1dLCiVsTd4s_5O1f26CwqAqFw=',
      'err': 0,
    }),
    dict({
      'basename': 'Cijk_Alik_Bljk_S_B_UserArgs_MT16x16x32_MI16x16x1MY1jYhLazdyXQWhvmKipfsXO1yNz7HF1cdttaf5Ba6I=',
      'err': 0,
    }),
    dict({
      'basename': 'Cijk_Alik_Bljk_S_B_UserArgs_MT16x16x32_MI16x16x1ND1S-PMFUOAwdEU2qeWrWMmpPOku0sbXI__oyFJCfLA=',
      'err': 0,
    }),
    dict({
      'basename': 'Cijk_Alik_Bljk_S_B_UserArgs_MT16x16x32_MI16x16x1nOkI3dAOD6dPVoSD4DKEdRUBx3goKpTAiANT158oOAE=',
      'err': 0,
    }),
  ])
# ---
