# serializer version: 1
# name: test_r2_store_gfx942_golden
  list([
    dict({
      'basename': 'Cijk_Alik_Bljk_BBS_BH_Bias_SAV_UserArgs_MT64x16xIs2bFh188GnNS70_K-6l6sfoMuvUOoydQXgyla7TTO4=',
      'err': 0,
    }),
    dict({
      'basename': 'Cijk_Alik_Bljk_BBS_BH_Bias_SAV_UserArgs_MT64x16xQtxEmz6pLH25UBqDbW6j2D57ouLgkLDP2yTEG4TI7VM=',
      'err': 0,
    }),
    dict({
      'basename': 'Cijk_Alik_Bljk_BBS_BH_Bias_SAV_UserArgs_MT64x16xSJKFTIyYHYzYimARkMLnzqqulIFIiPcepZtQ9T3i05o=',
      'err': 0,
    }),
    dict({
      'basename': 'Cijk_Alik_Bljk_BBS_BH_Bias_SAV_UserArgs_MT64x16xsdNNNg5mdD3el3xXw66wK1Z1tDeefBNO3dBa60OU2XY=',
      'err': 0,
    }),
  ])
# ---
