# serializer version: 1
# name: test_gfx950_emit_digests
  list([
    dict({
      'file': 'BBS.yaml',
      'kernels': list([
        dict({
          'basename': 'Cijk_Alik_Bjlk_BBS_BH_Bias_AuxB_HA_S_SAV_UserArgabQz6zJgEhkWBtPrEB3n4Eqn7qrNiWJSEiulS7M7Ixg=',
          'err': 0,
        }),
      ]),
    }),
    dict({
      'file': 'DTL.yaml',
      'kernels': list([
        dict({
          'basename': 'Custom_Cijk_Alik_Bljk_HHS_BH_MT256x256x64_MI16x16x1_UserArgs_shortname0_gfx950',
          'err': 0,
        }),
      ]),
    }),
    dict({
      'file': 'F8B8BS.yaml',
      'kernels': list([
        dict({
          'basename': 'Custom_Cijk_Alik_Bljk_F8B8BS_BH_SAB_NTD_UserArgs_shortname0_gfx950',
          'err': 0,
        }),
        dict({
          'basename': 'Custom_Cijk_Alik_Bljk_F8B8BS_BH_SAB_NTD_UserArgs_shortname1_gfx950',
          'err': 0,
        }),
        dict({
          'basename': 'Custom_Cijk_Alik_Bljk_F8B8BS_BH_SAB_UserArgs_shortname0_gfx950',
          'err': 0,
        }),
      ]),
    }),
    dict({
      'file': 'HHS.yaml',
      'kernels': list([
        dict({
          'basename': 'Cijk_Alik_Bljk_HHS_BH_Bias_GG_HA_S_SAV_UserArgs_ACeI-e9AJa1SVk5qbxz-aieHrrROhViyqrKzJ1aE4Co=',
          'err': 0,
        }),
      ]),
    }),
    dict({
      'file': 'HSS.yaml',
      'kernels': list([
        dict({
          'basename': 'Cijk_Alik_Bjlk_HSS_BH_Bias_HA_S_SAV_UserArgs_MT31Le0WxRMrLXG-JSl8C6kVn2EPIhgC45-_30BObext4g=',
          'err': 0,
        }),
      ]),
    }),
    dict({
      'file': 'I8_GSU.yaml',
      'kernels': list([
        dict({
          'basename': 'Cijk_Ailk_Bjlk_I8I8S_BH_Bias_HA_S_SAV_UserArgs_MOcG3jsihFF8y3XyuCm3xQhXYUXwqrPUytxgNPb9lPQc=',
          'err': 0,
        }),
      ]),
    }),
    dict({
      'file': 'MX.yaml',
      'kernels': list([
        dict({
          'basename': 'Cijk_Alik_Bjlk_S_MX_B_Bias_HA_S_SAV_UserArgs_MT4XeSQZ9PRhJMOkghwenDpwlFJQfZE79CIfDyzsXfAeDc=',
          'err': 0,
        }),
      ]),
    }),
    dict({
      'file': 'MX_StreamK.yaml',
      'kernels': list([
        dict({
          'basename': 'Cijk_Alik_Bjlk_S_MX_B_Bias_HA_S_SAV_UserArgs_MT4XeSQZ9PRhJMOkghwenDpwlFJQfZE79CIfDyzsXfAeDc=',
          'err': 0,
        }),
      ]),
    }),
    dict({
      'file': 'SB.yaml',
      'kernels': list([
        dict({
          'basename': 'Cijk_Ailk_Bjlk_S_B_Bias_AuxS_HA_S_SAV_UserArgs_M_mJCMcHo0Ny3cR3ujOymr-bpDaQZAmVZQF0pAy05sFM=',
          'err': 0,
        }),
      ]),
    }),
    dict({
      'file': 'StreamK_B8F8.yaml',
      'kernels': list([
        dict({
          'basename': 'Cijk_Alik_Bljk_B8F8_BH_Bias_HA_S_SAB_SAV_UserArgHH4hsvAEgMFuiF6oSTWYikJxIje2NX1CpMr9uSJargI=',
          'err': 0,
        }),
        dict({
          'basename': 'Cijk_Alik_Bljk_B8F8_BH_Bias_HA_S_SAB_SAV_UserArgTMK0TdZBaaIgBElBkuZPiGs9y75ruw5ZCyNf64n0WLg=',
          'err': 0,
        }),
        dict({
          'basename': 'Cijk_Alik_Bljk_B8F8_BH_Bias_HA_S_SAB_SAV_UserArgXDlWntjoBvCacv5l4dl-TkYFwDtBabx0LvG6yBtgpQ8=',
          'err': 0,
        }),
        dict({
          'basename': 'Cijk_Alik_Bljk_B8F8_BH_Bias_HA_S_SAB_SAV_UserArggcJZd8Y0piLui3QJ1Lidybq9AXTuZ9k8p3G_xw4lKyE=',
          'err': 0,
        }),
        dict({
          'basename': 'Cijk_Alik_Bljk_B8F8_BH_Bias_HA_S_SAB_SAV_UserArgvgOpNdRSDhVTAYUwmWUhWyv1bL6761c3MpHnBlPoKdA=',
          'err': 0,
        }),
      ]),
    }),
    dict({
      'file': 'StreamK_F8F8S.yaml',
      'kernels': list([
        dict({
          'basename': 'Cijk_Alik_Bljk_F8F8S_BH_Bias_HA_S_SAV_UserArgs_Mjnz5JkoNH07CaB9MK5Jjlbeo-eyECGuwCWk08F9g5Vk=',
          'err': 0,
        }),
      ]),
    }),
    dict({
      'file': 'WaveSplitK.yaml',
      'kernels': list([
        dict({
          'basename': 'Cijk_Alik_Bjlk_HHS_BH_Bias_HA_S_SAV_UserArgs_MT3HAO2054rhvlm3YQtrnRYz71G2zTIlwWaSLgUZ0lT1oU=',
          'err': 0,
        }),
      ]),
    }),
  ])
# ---
