# serializer version: 1
# name: test_gfx950_bbs_golden
  list([
    dict({
      'basename': 'Cijk_Alik_Bljk_BBS_BH_Bias_HA_S_UserArgs_MT64x16Jojp6hShE201uxPlILTcgrUfjXHcQJuksBYfghBvraw=',
      'err': 0,
    }),
    dict({
      'basename': 'Cijk_Alik_Bljk_BBS_BH_Bias_HA_S_UserArgs_MT64x16tbP_WxhSiOGZfxRfRsCP3_SCfY_vno4wv-uriWGSEKU=',
      'err': 0,
    }),
  ])
# ---
