# serializer version: 1
# name: test_r2_shiftvector_golden
  list([
    dict({
      'basename': 'Cijk_Ailk_Bjlk_S_B_UserArgs_MT128x64x16_SN_LDSB0Kr8179ETJEp0Q9yCEhFaaPNrAgbYCWXtGtM-t8exfTw=',
      'err': 0,
    }),
    dict({
      'basename': 'Cijk_Ailk_Bjlk_S_B_UserArgs_MT64x128x16_SN_LDSB0lgfr7_3HUuvL3AGLPmFMBCx7SnvX7b2Hwz6Wwdw4oH4=',
      'err': 0,
    }),
    dict({
      'basename': 'Cijk_Ailk_Bjlk_S_B_UserArgs_MT64x64x16_SN_LDSB0_DxOhNgL5snTGFKI8F_ysm4hjHIEJ8wVLUNV0Zjp0vRw=',
      'err': 0,
    }),
  ])
# ---
