# serializer version: 1
# name: test_r2_wgm_gfx942_golden
  list([
    dict({
      'basename': 'Cijk_Alik_Bljk_BBS_BH_Bias_A_S_UserArgs_MT64x16xGIOHFsnsx1Vy4KEIeQfZD7OWYTlufbTb9xhIjmYKZ2Y=',
      'err': 0,
    }),
    dict({
      'basename': 'Cijk_Alik_Bljk_BBS_BH_Bias_A_S_UserArgs_MT64x16xNU5_55wKtt25tUYIi5ejMrImOzTAAWk3JbMdyx_A_H8=',
      'err': 0,
    }),
    dict({
      'basename': 'Cijk_Alik_Bljk_BBS_BH_Bias_A_S_UserArgs_MT64x16xXu2BJg5AtmkaQelyK0RqHQmOuB0Rhmetda-0iwxMfwA=',
      'err': 0,
    }),
    dict({
      'basename': 'Cijk_Alik_Bljk_BBS_BH_Bias_A_S_UserArgs_MT64x16xxZ-ECUQNICfsYRDuU45eqFETsPuA83HDAP1iqcsTC3I=',
      'err': 0,
    }),
    dict({
      'basename': 'Cijk_Alik_Bljk_BBS_BH_Bias_A_S_UserArgs_MT64x16xxaNFr9HFfPsSxXZWGhfJIW--qepTZ7YZ7wzkDQCnV_o=',
      'err': 0,
    }),
  ])
# ---
