# serializer version: 1
# name: test_r3_lra_tr_gfx950_golden
  list([
    dict({
      'basename': 'Cijk_Ailk_Bljk_BBS_BH_UserArgs_MT128x128x32_MI16H2VYY6eYjv9F14oWsRRJr4WLtIcdb3NVGvz1OMQwr9o=',
      'err': 0,
    }),
    dict({
      'basename': 'Cijk_Ailk_Bljk_BBS_BH_UserArgs_MT128x128x32_MI16lHL7L2dkatDVxfT4q7D5WdfaGztiAlaL0sYKAImr-lk=',
      'err': 0,
    }),
  ])
# ---
